// Vitest Snapshot v1, https://vitest.dev/guide/snapshot.html

exports[`BreadCrumb > should match snapshots 1`] = `
"<div class=\\"q-breadcrumbs text-grey-6\\">
  <div class=\\"flex items-center justify-start q-gutter-sm\\">
    <div class=\\"flex items-center text-primary\\"><span class=\\"q-breadcrumbs__el q-link flex inline items-center relative-position q-link--focusable\\">shared.breadcrumbs.home</span></div>
    <div class=\\"q-breadcrumbs__separator\\"><i class=\\"q-icon text-primary notranslate material-icons\\" style=\\"font-size: 1.5em;\\" aria-hidden=\\"true\\" role=\\"presentation\\">chevron_right</i></div>
    <div class=\\"flex items-center text-primary\\"><span class=\\"q-breadcrumbs__el q-link flex inline items-center relative-position q-link--focusable\\">shared.breadcrumbs.hotels</span></div>
    <div class=\\"q-breadcrumbs__separator\\"><i class=\\"q-icon text-primary notranslate material-icons\\" style=\\"font-size: 1.5em;\\" aria-hidden=\\"true\\" role=\\"presentation\\">chevron_right</i></div>
    <div class=\\"flex items-center q-breadcrumbs--last\\"><span class=\\"q-breadcrumbs__el q-link flex inline items-center relative-position q-link--focusable\\">Hospedagem em Belo Horizonte</span></div>
  </div>
</div>"
`;
