// Vitest Snapshot v1, https://vitest.dev/guide/snapshot.html

exports[`HotelDrawer > should match snapshot 1`] = `
"<div data-v-b95d3c4c=\\"\\" class=\\"absolute-top-left full-width full-height backdrop\\"></div>
<div data-v-b95d3c4c=\\"\\" class=\\"q-drawer-container\\">
  <aside class=\\"q-drawer q-drawer--right q-drawer--bordered q-drawer--standard fixed q-drawer--on-top\\" style=\\"width: 800px; transform: translateX(0px);\\">
    <div class=\\"q-drawer__content fit scroll\\">
      <div data-v-b95d3c4c=\\"\\" class=\\"q-card q-card--flat no-shadow\\">
        <div data-v-b95d3c4c=\\"\\" class=\\"q-card__section q-card__section--vert\\">
          <div data-v-b95d3c4c=\\"\\"><span data-v-b95d3c4c=\\"\\" class=\\"text-grey-6 text-caption\\">3</span><span data-v-b95d3c4c=\\"\\" class=\\"text-yellow-8 q-ml-xs\\">★★★</span></div>
          <h5 data-v-b95d3c4c=\\"\\" class=\\"text-grey-2 q-ma-none text-weight-regular\\">Nacional Inn Belo Horizonte</h5>
          <p data-v-b95d3c4c=\\"\\" class=\\"text-subtitle2 text-grey-5 q-ma-none text-weight-regular\\">Rua Espírito Santo, 215 - Centro, Belo Horizonte, MG, N/A</p>
        </div>
        <div data-v-b95d3c4c=\\"\\" class=\\"q-carousel q-panel-parent q-carousel--without-padding q-carousel--arrows-horizontal q-carousel--navigation-bottom q-mx-md\\" style=\\"height: 400px;\\">
          <div class=\\"q-carousel__slides-container\\">
            <transition-stub appear=\\"false\\" persisted=\\"false\\" css=\\"true\\">
              <div class=\\"q-panel scroll\\" style=\\"--q-transition-duration: 300ms;\\" role=\\"tabpanel\\">
                <div data-v-b95d3c4c=\\"\\" class=\\"q-carousel__slide q-pa-none overflow-hidden\\" style=\\"height: 400px;\\">
                  <div data-v-b95d3c4c=\\"\\" class=\\"q-img q-img--menu full-width\\" style=\\"height: 400px;\\" role=\\"img\\" basic=\\"\\">
                    <div style=\\"padding-bottom: 56.24929688378895%;\\"></div>
                    <div class=\\"q-img__container absolute-full\\"><img class=\\"q-img__image q-img__image--with-transition q-img__image--current\\" style=\\"object-fit: cover; object-position: 50% 50%;\\" fetchpriority=\\"auto\\" aria-hidden=\\"true\\" draggable=\\"false\\" src=\\"https://s3.amazonaws.com/e-htl/uploads/hotels/10415/10415_10.JPG\\"></div>
                    <transition-stub name=\\"q-transition--fade\\" appear=\\"false\\" persisted=\\"false\\" css=\\"true\\">
                      <div class=\\"q-img__loading absolute-full flex flex-center\\"><svg class=\\"q-spinner q-spinner-mat\\" width=\\"1em\\" height=\\"1em\\" viewBox=\\"25 25 50 50\\">
                          <circle class=\\"path\\" cx=\\"50\\" cy=\\"50\\" r=\\"20\\" fill=\\"none\\" stroke=\\"currentColor\\" stroke-width=\\"5\\" stroke-miterlimit=\\"10\\"></circle>
                        </svg></div>
                    </transition-stub>
                  </div>
                </div>
              </div>
            </transition-stub>
          </div>
          <div class=\\"q-carousel__control q-carousel__navigation no-wrap absolute flex q-carousel__navigation--buttons q-carousel__navigation--bottom\\">
            <div class=\\"q-carousel__navigation-inner flex flex-center no-wrap\\"><button style=\\"font-size: 10px;\\" tabindex=\\"0\\" type=\\"button\\" class=\\"q-btn q-btn-item non-selectable no-outline q-btn--flat q-btn--round q-btn--actionable q-focusable q-hoverable q-btn--dense q-carousel__navigation-icon q-carousel__navigation-icon--active\\"><span class=\\"q-focus-helper\\"></span><span class=\\"q-btn__content text-center col items-center q-anchor--skip justify-center row\\"><i class=\\"q-icon notranslate material-icons\\" aria-hidden=\\"true\\" role=\\"img\\">lens</i></span></button><button class=\\"q-btn q-btn-item non-selectable no-outline q-btn--flat q-btn--round q-btn--actionable q-focusable q-hoverable q-btn--dense q-carousel__navigation-icon q-carousel__navigation-icon--inactive\\" style=\\"font-size: 10px;\\" tabindex=\\"0\\" type=\\"button\\"><span class=\\"q-focus-helper\\"></span><span class=\\"q-btn__content text-center col items-center q-anchor--skip justify-center row\\"><i class=\\"q-icon notranslate material-icons\\" aria-hidden=\\"true\\" role=\\"img\\">lens</i></span></button><button class=\\"q-btn q-btn-item non-selectable no-outline q-btn--flat q-btn--round q-btn--actionable q-focusable q-hoverable q-btn--dense q-carousel__navigation-icon q-carousel__navigation-icon--inactive\\" style=\\"font-size: 10px;\\" tabindex=\\"0\\" type=\\"button\\"><span class=\\"q-focus-helper\\"></span><span class=\\"q-btn__content text-center col items-center q-anchor--skip justify-center row\\"><i class=\\"q-icon notranslate material-icons\\" aria-hidden=\\"true\\" role=\\"img\\">lens</i></span></button><button class=\\"q-btn q-btn-item non-selectable no-outline q-btn--flat q-btn--round q-btn--actionable q-focusable q-hoverable q-btn--dense q-carousel__navigation-icon q-carousel__navigation-icon--inactive\\" style=\\"font-size: 10px;\\" tabindex=\\"0\\" type=\\"button\\"><span class=\\"q-focus-helper\\"></span><span class=\\"q-btn__content text-center col items-center q-anchor--skip justify-center row\\"><i class=\\"q-icon notranslate material-icons\\" aria-hidden=\\"true\\" role=\\"img\\">lens</i></span></button><button class=\\"q-btn q-btn-item non-selectable no-outline q-btn--flat q-btn--round q-btn--actionable q-focusable q-hoverable q-btn--dense q-carousel__navigation-icon q-carousel__navigation-icon--inactive\\" style=\\"font-size: 10px;\\" tabindex=\\"0\\" type=\\"button\\"><span class=\\"q-focus-helper\\"></span><span class=\\"q-btn__content text-center col items-center q-anchor--skip justify-center row\\"><i class=\\"q-icon notranslate material-icons\\" aria-hidden=\\"true\\" role=\\"img\\">lens</i></span></button><button class=\\"q-btn q-btn-item non-selectable no-outline q-btn--flat q-btn--round q-btn--actionable q-focusable q-hoverable q-btn--dense q-carousel__navigation-icon q-carousel__navigation-icon--inactive\\" style=\\"font-size: 10px;\\" tabindex=\\"0\\" type=\\"button\\"><span class=\\"q-focus-helper\\"></span><span class=\\"q-btn__content text-center col items-center q-anchor--skip justify-center row\\"><i class=\\"q-icon notranslate material-icons\\" aria-hidden=\\"true\\" role=\\"img\\">lens</i></span></button><button class=\\"q-btn q-btn-item non-selectable no-outline q-btn--flat q-btn--round q-btn--actionable q-focusable q-hoverable q-btn--dense q-carousel__navigation-icon q-carousel__navigation-icon--inactive\\" style=\\"font-size: 10px;\\" tabindex=\\"0\\" type=\\"button\\"><span class=\\"q-focus-helper\\"></span><span class=\\"q-btn__content text-center col items-center q-anchor--skip justify-center row\\"><i class=\\"q-icon notranslate material-icons\\" aria-hidden=\\"true\\" role=\\"img\\">lens</i></span></button><button class=\\"q-btn q-btn-item non-selectable no-outline q-btn--flat q-btn--round q-btn--actionable q-focusable q-hoverable q-btn--dense q-carousel__navigation-icon q-carousel__navigation-icon--inactive\\" style=\\"font-size: 10px;\\" tabindex=\\"0\\" type=\\"button\\"><span class=\\"q-focus-helper\\"></span><span class=\\"q-btn__content text-center col items-center q-anchor--skip justify-center row\\"><i class=\\"q-icon notranslate material-icons\\" aria-hidden=\\"true\\" role=\\"img\\">lens</i></span></button><button class=\\"q-btn q-btn-item non-selectable no-outline q-btn--flat q-btn--round q-btn--actionable q-focusable q-hoverable q-btn--dense q-carousel__navigation-icon q-carousel__navigation-icon--inactive\\" style=\\"font-size: 10px;\\" tabindex=\\"0\\" type=\\"button\\"><span class=\\"q-focus-helper\\"></span><span class=\\"q-btn__content text-center col items-center q-anchor--skip justify-center row\\"><i class=\\"q-icon notranslate material-icons\\" aria-hidden=\\"true\\" role=\\"img\\">lens</i></span></button><button class=\\"q-btn q-btn-item non-selectable no-outline q-btn--flat q-btn--round q-btn--actionable q-focusable q-hoverable q-btn--dense q-carousel__navigation-icon q-carousel__navigation-icon--inactive\\" style=\\"font-size: 10px;\\" tabindex=\\"0\\" type=\\"button\\"><span class=\\"q-focus-helper\\"></span><span class=\\"q-btn__content text-center col items-center q-anchor--skip justify-center row\\"><i class=\\"q-icon notranslate material-icons\\" aria-hidden=\\"true\\" role=\\"img\\">lens</i></span></button><button class=\\"q-btn q-btn-item non-selectable no-outline q-btn--flat q-btn--round q-btn--actionable q-focusable q-hoverable q-btn--dense q-carousel__navigation-icon q-carousel__navigation-icon--inactive\\" style=\\"font-size: 10px;\\" tabindex=\\"0\\" type=\\"button\\"><span class=\\"q-focus-helper\\"></span><span class=\\"q-btn__content text-center col items-center q-anchor--skip justify-center row\\"><i class=\\"q-icon notranslate material-icons\\" aria-hidden=\\"true\\" role=\\"img\\">lens</i></span></button></div>
          </div>
          <div class=\\"q-carousel__control q-carousel__arrow q-carousel__prev-arrow q-carousel__prev-arrow--horizontal absolute flex flex-center\\"><button class=\\"q-btn q-btn-item non-selectable no-outline q-btn--flat q-btn--round q-btn--actionable q-focusable q-hoverable q-btn--dense\\" tabindex=\\"0\\" type=\\"button\\"><span class=\\"q-focus-helper\\"></span><span class=\\"q-btn__content text-center col items-center q-anchor--skip justify-center row\\"><i class=\\"q-icon notranslate material-icons\\" aria-hidden=\\"true\\" role=\\"img\\">chevron_left</i></span></button></div>
          <div class=\\"q-carousel__control q-carousel__arrow q-carousel__next-arrow q-carousel__next-arrow--horizontal absolute flex flex-center\\"><button class=\\"q-btn q-btn-item non-selectable no-outline q-btn--flat q-btn--round q-btn--actionable q-focusable q-hoverable q-btn--dense\\" tabindex=\\"0\\" type=\\"button\\"><span class=\\"q-focus-helper\\"></span><span class=\\"q-btn__content text-center col items-center q-anchor--skip justify-center row\\"><i class=\\"q-icon notranslate material-icons\\" aria-hidden=\\"true\\" role=\\"img\\">chevron_right</i></span></button></div>
        </div>
        <div data-v-b95d3c4c=\\"\\" class=\\"q-card__section q-card__section--vert\\">
          <h6 data-v-b95d3c4c=\\"\\" class=\\"text-grey-2 q-mt-none q-mb-md text-weight-regular\\">Facilidades do hotel</h6>
          <hr data-v-b95d3c4c=\\"\\" class=\\"q-separator q-separator--horizontal\\" aria-orientation=\\"horizontal\\">
          <div data-v-b95d3c4c=\\"\\" class=\\"row q-gutter-x-xl q-my-md\\" data-testid=\\"hotel-amenities\\">
            <div data-v-b95d3c4c=\\"\\" class=\\"row q-mb-sm\\"><i data-v-b95d3c4c=\\"\\" class=\\"q-icon text-grey-6 notranslate material-icons q-mr-sm\\" style=\\"font-size: 18px;\\" aria-hidden=\\"true\\" role=\\"presentation\\">wifi</i>
              <p data-v-b95d3c4c=\\"\\" class=\\"text-grey-6 q-mb-none\\">Internet</p>
            </div>
            <div data-v-b95d3c4c=\\"\\" class=\\"row q-mb-sm\\"><i data-v-b95d3c4c=\\"\\" class=\\"q-icon text-grey-6 notranslate material-icons q-mr-sm\\" style=\\"font-size: 18px;\\" aria-hidden=\\"true\\" role=\\"presentation\\">restaurant</i>
              <p data-v-b95d3c4c=\\"\\" class=\\"text-grey-6 q-mb-none\\">Restaurante</p>
            </div>
            <div data-v-b95d3c4c=\\"\\" class=\\"row q-mb-sm\\"><i data-v-b95d3c4c=\\"\\" class=\\"q-icon text-grey-6 notranslate material-icons q-mr-sm\\" style=\\"font-size: 18px;\\" aria-hidden=\\"true\\" role=\\"presentation\\">room_service</i>
              <p data-v-b95d3c4c=\\"\\" class=\\"text-grey-6 q-mb-none\\">Serviço de quarto</p>
            </div>
          </div>
          <!--v-if-->
          <hr data-v-b95d3c4c=\\"\\" class=\\"q-separator q-separator--horizontal\\" aria-orientation=\\"horizontal\\">
        </div>
        <div data-v-b95d3c4c=\\"\\" class=\\"q-card__section q-card__section--vert q-py-none\\">
          <h6 data-v-b95d3c4c=\\"\\" class=\\"text-grey-2 q-mt-none q-mb-md text-weight-regular\\">Conheça um pouco mais</h6>
          <p data-v-b95d3c4c=\\"\\" class=\\"text-grey-5\\" data-testid=\\"hotel-description\\">Localizado no coração comercial e financeiro de Belo Horizonte, próximo aos principais centros de decisão da capital mineira, centros de convenções (Minascentro, Expominas), principais avenidas da cidade, fácil acesso as saídas e entradas para a cidade e </p>
        </div>
      </div>
    </div>
  </aside>
</div>"
`;
