// Vitest Snapshot v1, https://vitest.dev/guide/snapshot.html

exports[`HotelList > should match snapshot 1`] = `
"<div class=\\"q-infinite-scroll\\">
  <div data-v-be666f43=\\"\\" class=\\"q-card q-card--flat no-shadow q-mt-md row\\">
    <div data-v-be666f43=\\"\\" class=\\"q-carousel q-panel-parent q-carousel--without-padding q-carousel--arrows-horizontal q-carousel--navigation-bottom col-12 col-sm-3 carousel\\" style=\\"height: 256px;\\">
      <div class=\\"q-carousel__slides-container\\">
        <transition-stub appear=\\"false\\" persisted=\\"false\\" css=\\"true\\">
          <div class=\\"q-panel scroll\\" style=\\"--q-transition-duration: 300ms;\\" role=\\"tabpanel\\">
            <div class=\\"q-carousel__slide q-pa-none overflow-hidden\\" style=\\"height: 256px;\\">
              <div class=\\"q-img q-img--menu full-width\\" style=\\"height: 256px;\\" role=\\"img\\" basic=\\"\\">
                <div style=\\"padding-bottom: 56.24929688378895%;\\"></div>
                <div class=\\"q-img__container absolute-full\\"><img class=\\"q-img__image q-img__image--with-transition q-img__image--current\\" style=\\"object-fit: cover; object-position: 50% 50%;\\" fetchpriority=\\"auto\\" aria-hidden=\\"true\\" draggable=\\"false\\" src=\\"https://s3.amazonaws.com/e-htl/uploads/hotels/10415/10415_10.JPG\\"></div>
                <transition-stub name=\\"q-transition--fade\\" appear=\\"false\\" persisted=\\"false\\" css=\\"true\\">
                  <div class=\\"q-img__loading absolute-full flex flex-center\\"><svg class=\\"q-spinner q-spinner-mat\\" width=\\"1em\\" height=\\"1em\\" viewBox=\\"25 25 50 50\\">
                      <circle class=\\"path\\" cx=\\"50\\" cy=\\"50\\" r=\\"20\\" fill=\\"none\\" stroke=\\"currentColor\\" stroke-width=\\"5\\" stroke-miterlimit=\\"10\\"></circle>
                    </svg></div>
                </transition-stub>
              </div>
            </div>
          </div>
        </transition-stub>
      </div>
      <div class=\\"q-carousel__control q-carousel__navigation no-wrap absolute flex q-carousel__navigation--buttons q-carousel__navigation--bottom\\">
        <div class=\\"q-carousel__navigation-inner flex flex-center no-wrap\\">
          <!--v-if-->
          <!--v-if-->
          <!--v-if-->
          <!--v-if-->
          <!--v-if-->
          <!--v-if-->
          <!--v-if-->
          <!--v-if-->
          <!--v-if-->
          <!--v-if-->
          <!--v-if-->
        </div>
      </div>
      <div class=\\"q-carousel__control q-carousel__arrow q-carousel__prev-arrow q-carousel__prev-arrow--horizontal absolute flex flex-center\\"><button class=\\"q-btn q-btn-item non-selectable no-outline q-btn--flat q-btn--round q-btn--actionable q-focusable q-hoverable q-btn--dense\\" tabindex=\\"0\\" type=\\"button\\"><span class=\\"q-focus-helper\\"></span><span class=\\"q-btn__content text-center col items-center q-anchor--skip justify-center row\\"><i class=\\"q-icon notranslate material-icons\\" aria-hidden=\\"true\\" role=\\"img\\">chevron_left</i></span></button></div>
      <div class=\\"q-carousel__control q-carousel__arrow q-carousel__next-arrow q-carousel__next-arrow--horizontal absolute flex flex-center\\"><button class=\\"q-btn q-btn-item non-selectable no-outline q-btn--flat q-btn--round q-btn--actionable q-focusable q-hoverable q-btn--dense\\" tabindex=\\"0\\" type=\\"button\\"><span class=\\"q-focus-helper\\"></span><span class=\\"q-btn__content text-center col items-center q-anchor--skip justify-center row\\"><i class=\\"q-icon notranslate material-icons\\" aria-hidden=\\"true\\" role=\\"img\\">chevron_right</i></span></button></div>
    </div>
    <div data-v-be666f43=\\"\\" class=\\"q-card__section q-card__section--vert col-12 col-sm-5 col-md-6\\">
      <h6 data-v-be666f43=\\"\\" class=\\"text-grey-2 q-ma-none text-weight-regular\\">Nacional Inn Belo Horizonte</h6>
      <p data-v-be666f43=\\"\\" class=\\"text-subtitle2 text-grey-5 q-ma-none text-weight-regular\\">Rua Espírito Santo, 215 - Centro, Belo Horizonte, MG, N/A</p>
      <div data-v-be666f43=\\"\\" class=\\"row\\">
        <div data-v-be666f43=\\"\\" class=\\"col-12 q-mt-sm\\">
          <div data-v-be666f43=\\"\\" class=\\"row items-center\\"><span data-v-be666f43=\\"\\" class=\\"text-grey-6 text-caption\\">3</span><span data-v-be666f43=\\"\\" class=\\"text-yellow-8 q-ml-xs\\">★★★</span>
            <hr data-v-be666f43=\\"\\" class=\\"q-separator q-separator--vertical bg-grey-6 q-mx-sm\\" aria-orientation=\\"vertical\\"><i data-v-be666f43=\\"\\" class=\\"q-icon text-grey-6 notranslate material-icons q-mr-sm\\" style=\\"font-size: 18px;\\" aria-hidden=\\"true\\" role=\\"presentation\\">wifi
              <!---->
            </i><i data-v-be666f43=\\"\\" class=\\"q-icon text-grey-6 notranslate material-icons q-mr-sm\\" style=\\"font-size: 18px;\\" aria-hidden=\\"true\\" role=\\"presentation\\">restaurant
              <!---->
            </i><i data-v-be666f43=\\"\\" class=\\"q-icon text-grey-6 notranslate material-icons q-mr-sm\\" style=\\"font-size: 18px;\\" aria-hidden=\\"true\\" role=\\"presentation\\">room_service
              <!---->
            </i>
          </div>
        </div>
      </div>
      <div data-v-be666f43=\\"\\" class=\\"q-chip row inline no-wrap items-center bg-grey-6 text-white q-chip--colored q-chip--square q-mx-none q-mt-sm\\" style=\\"font-size: 10px;\\">
        <div class=\\"q-chip__content col row no-wrap items-center q-anchor--skip\\">Reembolsável</div>
      </div>
    </div>
    <div data-v-be666f43=\\"\\" class=\\"q-card__section q-card__section--vert col-12 col-sm-4 col-md-3\\">
      <div data-v-be666f43=\\"\\" class=\\"text-grey-5 text-weight-regular\\">
        <p data-v-be666f43=\\"\\" class=\\"q-ma-none text-weight-regular\\">A partir de</p>
        <h5 data-v-be666f43=\\"\\" class=\\"text-grey-2 q-ma-none\\"><span data-v-be666f43=\\"\\" class=\\"text-caption q-mr-xs\\">shared.currency</span><span data-v-be666f43=\\"\\" class=\\"text-weight-semibold\\">100,00</span></h5>
        <p data-v-be666f43=\\"\\" class=\\"text-grey-6 text-caption q-ma-none\\">R$ 50,00/noite</p>
        <p data-v-be666f43=\\"\\" class=\\"text-grey-6 text-subtitle2 text-weight-semibold\\">Imposto incluídos</p>
      </div><button data-v-be666f43=\\"\\" class=\\"q-btn q-btn-item non-selectable no-outline q-btn--unelevated q-btn--rectangle q-btn--rounded bg-primary text-white q-btn--actionable q-focusable q-hoverable q-mt-lg\\" tabindex=\\"0\\" type=\\"button\\"><span class=\\"q-focus-helper\\"></span><span class=\\"q-btn__content text-center col items-center q-anchor--skip justify-center row\\"><span class=\\"block\\">shared.actions.select</span></span></button>
    </div>
  </div>
  <div class=\\"q-infinite-scroll__loading invisible\\">
    <!--v-if-->
  </div>
</div>
<!--v-if-->"
`;
